2025-10-26T04:51:12.801Z GET /api/orders
2025-10-26T04:51:14.080Z GET /favicon.ico
2025-10-26T04:53:12.939Z GET /api/orders
2025-10-26T04:54:06.543Z GET /api/orders/id
2025-10-26T04:54:15.516Z GET /api/orders/%20:id
2025-10-26T04:54:20.100Z GET /api/orders/:id
2025-10-26T04:54:22.899Z GET /api/orders/:1
2025-10-26T04:54:24.822Z GET /api/orders/1
2025-10-26T04:54:35.542Z GET /api/orders/2
2025-10-26T04:54:40.269Z GET /
2025-10-26T04:54:46.614Z GET /api
2025-10-26T04:54:52.053Z GET /api/
2025-10-26T04:54:54.594Z GET /api/orders
2025-10-26T04:55:07.576Z GET /api/orders/1
2025-10-26T04:55:10.768Z GET /api/orders/2
2025-10-26T04:55:13.965Z GET /api/orders/3
2025-10-26T04:55:29.200Z POST /api/orders/
2025-10-26T04:55:32.851Z POST /api/orders
2025-10-26T04:55:54.766Z POST /api/orders
2025-10-26T04:56:14.590Z POST /api/orders
2025-10-26T04:57:05.455Z GET /api/orders
2025-10-26T04:57:19.384Z GET /api/orders
2025-10-26T04:57:34.821Z POST /api/orders
2025-10-26T04:58:11.450Z POST /api/orders
2025-10-26T04:58:49.741Z POST /api/orders
2025-10-26T04:59:00.522Z GET /api/orders
2025-10-26T04:59:48.028Z GET /api/orders/3
2025-10-26T05:00:29.038Z PUT /api/orders/3
2025-10-26T05:00:45.757Z GET /api/orders/3
2025-10-26T05:01:25.580Z PUT /api/orders/3
2025-10-26T05:01:33.122Z GET /api/orders/3
2025-10-26T05:03:20.646Z DELETE /api/orders/3
2025-10-26T05:03:28.702Z GET /api/orders/3
2025-10-26T05:03:33.915Z GET /api/orders
2025-10-26T05:04:26.967Z GET /api/orders/stats/data
2025-10-26T05:25:19.987Z GET /api/orders/
2025-10-26T05:25:27.155Z GET /api/orders
2025-10-26T05:25:29.076Z GET /api/orders
2025-10-26T05:30:23.156Z GET /api/orders
2025-10-26T05:31:23.892Z GET /api/orders
2025-10-26T05:31:25.393Z GET /api/orders
2025-10-26T16:42:56.886Z GET /api/orders
2025-10-26T16:43:16.699Z GET /api/orders/1
2025-10-26T16:43:27.111Z GET /api/orders/2
2025-10-26T16:43:30.183Z GET /api/orders/3
2025-10-26T16:44:53.307Z GET /api/orders
2025-10-26T16:46:52.318Z POST /api/orders
2025-10-26T16:47:06.195Z POST /api/orders
2025-10-26T16:47:19.329Z POST /api/orders
2025-10-26T16:48:06.382Z POST /api/orders
2025-10-26T16:49:06.007Z POST /api/orders
2025-10-26T16:49:27.513Z GET /api/orders
2025-10-26T16:50:48.851Z POST /api/orders
2025-10-26T16:51:54.722Z GET /api/orders
2025-10-26T16:53:41.914Z POST /api/orders
2025-10-26T16:55:01.350Z POST /api/orders
2025-10-26T16:55:14.948Z GET /api/orders
2025-10-26T18:11:21.689Z GET /api/orders
2025-10-26T18:11:38.698Z PUT /api/orders/3
2025-10-26T18:11:56.309Z GET /api/orders
2025-10-26T18:12:06.807Z DELETE /api/orders/3
2025-10-26T18:12:16.909Z GET /api/orders
2025-10-26T18:12:57.401Z GET /api/orders
2025-10-26T18:41:25.431Z GET /api/orders
2025-10-26T19:54:34.342Z GET /api/orders
2025-10-26T19:56:02.399Z POST /api/orders
2025-10-26T19:56:18.235Z GET /api/orders
2025-10-26T19:57:28.391Z PUT /api/orders/4
2025-10-26T19:57:52.214Z PUT /api/orders/4
2025-10-26T19:58:38.202Z PUT /api/orders/4
2025-10-26T19:59:04.684Z PUT /api/orders
2025-10-26T19:59:10.840Z PUT /api/orders/3
2025-10-26T19:59:25.447Z PUT /api/orders/4
2025-10-26T20:01:07.546Z PUT /api/orders/4
2025-10-26T20:01:15.911Z DELETE /api/orders/4
2025-10-26T20:01:33.505Z PUT /api/orders/4
2025-10-26T20:02:24.326Z GET /api/orders/4
2025-10-26T20:02:32.015Z GET /api/orders
2025-10-26T20:02:35.340Z GET /api/orders
2025-10-26T20:04:34.487Z GET /api/orders
2025-10-26T20:04:50.775Z GET /api/orders/4
2025-10-26T20:04:57.830Z PUT /api/orders/4
2025-10-26T20:05:27.572Z PUT /api/orders/4
2025-10-26T20:06:26.139Z DELETE /api/orders/4
2025-10-26T20:07:41.635Z GET /api/orders
2025-10-26T20:07:47.438Z GET /api/orders/4
2025-10-26T20:09:03.614Z PUT /api/orders/4
2025-10-26T20:10:52.744Z GET /api/orders
2025-10-26T20:12:25.402Z GET /api/orders/4
2025-10-26T20:12:33.995Z DELETE /api/orders/4
2025-10-26T20:13:50.005Z DELETE /api/orders/4
2025-10-26T20:13:52.881Z DELETE /api/orders/4
2025-10-26T20:15:29.153Z DELETE /api/orders/4
2025-10-26T20:15:36.484Z GET /api/orders/4
2025-10-26T20:15:38.555Z GET /api/orders
2025-10-26T20:15:55.926Z POST /api/orders
2025-10-26T20:16:18.875Z PUT /api/orders/3
2025-10-26T20:16:30.586Z GET /api/orders/3
2025-10-26T20:16:34.896Z GET /api/orders/3
2025-10-26T20:16:44.459Z GET /api/orders
2025-10-26T20:35:37.187Z GET /api/orders
2025-10-26T20:35:48.331Z GET /api/orders/1
2025-10-26T20:35:51.861Z GET /api/orders/2
2025-10-26T20:35:56.061Z GET /api/orders
2025-10-26T20:37:34.527Z GET /api/orders
2025-10-26T20:38:29.865Z POST /api/orders
2025-10-26T20:38:54.326Z POST /api/orders
2025-10-26T20:39:09.343Z GET /api/orders
2025-10-26T20:39:47.811Z PUT /api/orders/3
2025-10-26T20:39:59.032Z GET /api/orders/3
2025-10-26T20:40:13.906Z GET /api/orders/
2025-10-26T20:40:27.216Z GET /api/orders/stats/data
2025-10-26T20:40:43.324Z GET /api/orders/
2025-10-26T20:40:55.198Z DELETE /api/orders/3
2025-10-26T20:41:09.848Z GET /api/orders
2025-10-26T21:19:42.298Z GET /api/orders
2025-10-26T21:19:50.625Z GET /api/orders/1
2025-10-26T21:19:53.638Z GET /api/orders
2025-10-26T21:20:55.744Z POST /api/orders
2025-10-26T21:21:21.245Z GET /api/orders
2025-10-26T21:21:30.245Z GET /api/orders/3
2025-10-26T21:21:51.055Z PUT /api/orders/3
2025-10-26T21:21:58.560Z GET /api/orders/3
2025-10-26T21:22:19.424Z DELETE /api/orders/3
2025-10-26T21:22:26.988Z DELETE /api/orders/3
2025-10-26T21:22:33.955Z DELETE /api/orders/3
2025-10-26T21:22:43.653Z DELETE /api/orders/3
2025-10-26T21:23:02.654Z DELETE /api/orders/3
2025-10-26T21:23:51.823Z DELETE /api/orders/3
2025-10-26T21:24:54.866Z DELETE /api/orders/3
2025-10-26T21:25:09.583Z DELETE /api/orders/3
2025-10-26T21:26:04.266Z DELETE /api/orders/3
2025-10-26T21:26:09.349Z GET /api/orders/3
2025-10-26T21:26:15.398Z DELETE /api/orders/3
2025-10-26T21:27:13.663Z DELETE /api/orders/3
2025-10-26T21:27:45.018Z DELETE /api/orders/3
2025-10-26T21:27:46.764Z DELETE /api/orders/3
2025-10-26T21:28:16.246Z DELETE /api/orders/3
2025-10-26T21:44:25.863Z GET /api/orders
2025-10-26T21:44:33.931Z GET /api/orders/1
2025-10-26T21:45:24.243Z POST /api/orders
2025-10-26T21:45:39.603Z POST /api/orders
2025-10-26T21:45:47.034Z GET /api/orders
2025-10-26T21:46:01.444Z GET /api/orders/4
2025-10-26T21:46:22.409Z PUT /api/orders/4
2025-10-26T21:46:28.822Z GET /api/orders/4
2025-10-26T21:46:43.963Z DELETE /api/orders/4
2025-10-26T21:46:50.001Z DELETE /api/orders/4
2025-10-26T21:47:32.614Z DELETE /api/orders/4
2025-10-26T21:47:36.490Z DELETE /api/orders/2
2025-10-26T22:11:11.187Z DELETE /api/orders/2
2025-10-26T22:11:16.824Z GET /api/orders/
2025-10-26T22:11:22.881Z GET /api/orders/4
2025-10-26T22:11:30.050Z DELETE /api/orders/4
2025-10-26T22:12:49.848Z DELETE /api/orders/4
2025-10-26T22:31:38.032Z GET /api/orders/
2025-10-26T22:32:35.394Z GET /api/orders
2025-10-26T22:32:49.766Z GET /api/orders/1
2025-10-26T22:32:56.760Z GET /api/orders/2
2025-10-26T22:33:54.958Z GET /api/orders
2025-10-26T22:34:01.896Z GET /api/orders/1
2025-10-26T22:35:22.594Z POST /api/orders
2025-10-26T22:35:48.608Z POST /api/orders
2025-10-26T22:35:59.814Z GET /api/orders
2025-10-26T22:36:08.682Z GET /api/orders/3
2025-10-26T22:36:25.729Z PUT /api/orders/3
2025-10-26T22:36:33.174Z GET /api/orders/3
2025-10-26T22:36:58.681Z DELETE /api/orders/4
2025-10-26T22:37:03.497Z DELETE /api/orders/3
2025-10-26T22:37:13.008Z GET /api/orders
2025-10-26T23:04:00.151Z GET /api/orders
2025-10-26T23:04:07.312Z GET /api/orders/1
2025-10-26T23:04:37.713Z POST /api/orders
2025-10-26T23:04:57.964Z POST /api/orders
2025-10-26T23:05:04.299Z GET /api/orders
2025-10-26T23:05:11.278Z GET /api/orders/3
2025-10-26T23:05:28.185Z PUT /api/orders/3
2025-10-26T23:05:35.171Z GET /api/orders/3
2025-10-26T23:05:51.483Z DELETE /api/orders/3
2025-10-26T23:06:01.041Z GET /api/orders
2025-10-27T03:22:46.589Z GET /api/orders
2025-10-27T03:27:10.362Z GET /api/orders/1
2025-10-27T03:28:22.743Z POST /api/orders
2025-10-27T03:29:40.840Z PUT /api/orders/3
2025-10-27T03:30:30.879Z DELETE /api/orders/3
2025-10-27T03:32:45.943Z DELETE /api/orders/satats/data
2025-10-27T03:32:56.084Z GET /api/orders/stats/data
